/Devel/Stm32_14.0/A_os/drivers/flash/w25q.c:35:13:set_com	0	static
/Devel/Stm32_14.0/A_os/drivers/flash/w25q.c:53:17:page_to_addr	0	static
/Devel/Stm32_14.0/A_os/drivers/flash/w25q.c:58:16:w25q_ReadStatusReg	80	static
/Devel/Stm32_14.0/A_os/drivers/flash/w25q.c:79:16:w25q_IsBusy	16	static
/Devel/Stm32_14.0/A_os/drivers/flash/w25q.c:92:9:w25q_WriteEnable	80	static
/Devel/Stm32_14.0/A_os/drivers/flash/w25q.c:109:16:w25q_WriteStatusReg	88	static
/Devel/Stm32_14.0/A_os/drivers/flash/w25q.c:140:9:w25q_ReadStatusStruct	16	static
/Devel/Stm32_14.0/A_os/drivers/flash/w25q.c:172:9:w25q_ReadID	80	static
/Devel/Stm32_14.0/A_os/drivers/flash/w25q.c:184:9:w25q_ReadRaw	88	static
/Devel/Stm32_14.0/A_os/drivers/flash/w25q.c:215:9:w25q_ProgramRaw	96	static
/Devel/Stm32_14.0/A_os/drivers/flash/w25q.c:253:9:w25q_ReadData	16	static
/Devel/Stm32_14.0/A_os/drivers/flash/w25q.c:262:9:w25q_EraseSector	88	static
/Devel/Stm32_14.0/A_os/drivers/flash/w25q.c:297:9:w25q_EraseBlock	88	static
/Devel/Stm32_14.0/A_os/drivers/flash/w25q.c:337:9:w25q_EraseChip	80	static
/Devel/Stm32_14.0/A_os/drivers/flash/w25q.c:360:9:w25q_Sleep	80	static
/Devel/Stm32_14.0/A_os/drivers/flash/w25q.c:373:9:w25q_WakeUP	80	static
/Devel/Stm32_14.0/A_os/drivers/flash/w25q.c:385:9:w25q_Init	24	static
