/Devel/Stm32_14.0_A_os/A_os/modules/modbus/A_modbus_rtu.c:35:16:A_write_coil_from_modbus	0	static
/Devel/Stm32_14.0_A_os/A_os/modules/modbus/A_modbus_rtu.c:40:16:A_write_reg_from_modbus	0	static
/Devel/Stm32_14.0_A_os/A_os/modules/modbus/A_modbus_rtu.c:45:9:A_set_in_to_modbus	0	static
/Devel/Stm32_14.0_A_os/A_os/modules/modbus/A_modbus_rtu.c:59:9:A_get_reg_from_modbus	0	static
/Devel/Stm32_14.0_A_os/A_os/modules/modbus/A_modbus_rtu.c:66:9:A_set_reg_to_modbus	0	static
/Devel/Stm32_14.0_A_os/A_os/modules/modbus/A_modbus_rtu.c:73:10:crc	8	static
/Devel/Stm32_14.0_A_os/A_os/modules/modbus/A_modbus_rtu.c:232:13:A_rtu_modbus_write_reply	8	static
/Devel/Stm32_14.0_A_os/A_os/modules/modbus/A_modbus_rtu.c:275:16:A_rtu_modbus_set_coils	32	static
/Devel/Stm32_14.0_A_os/A_os/modules/modbus/A_modbus_rtu.c:217:16:A_rtu_modbus_report_slave_info	48	static
/Devel/Stm32_14.0_A_os/A_os/modules/modbus/A_modbus_rtu.c:100:9:A_rtu_modbus_exception	8	static
/Devel/Stm32_14.0_A_os/A_os/modules/modbus/A_modbus_rtu.c:180:16:A_rtu_modbus_read_regs_iregs	24	static
/Devel/Stm32_14.0_A_os/A_os/modules/modbus/A_modbus_rtu.c:243:16:A_rtu_write_mb_register	16	static
/Devel/Stm32_14.0_A_os/A_os/modules/modbus/A_modbus_rtu.c:319:16:A_rtu_modbus_write_reg_coil	8	static
/Devel/Stm32_14.0_A_os/A_os/modules/modbus/A_modbus_rtu.c:304:16:A_rtu_modbus_write_multiple_coils	8	static
/Devel/Stm32_14.0_A_os/A_os/modules/modbus/A_modbus_rtu.c:256:16:A_rtu_modbus_write_multiple_regs	24	static
/Devel/Stm32_14.0_A_os/A_os/modules/modbus/A_modbus_rtu.c:112:9:get_coils_discrete_in	24	static
/Devel/Stm32_14.0_A_os/A_os/modules/modbus/A_modbus_rtu.c:140:16:A_rtu_modbus_read_coils_discrete_in	16	static
/Devel/Stm32_14.0_A_os/A_os/modules/modbus/A_modbus_rtu.c:335:10:A_rtu_modbus_process	16	static
